Testing Green API connection...

Instance ID: 7105433554
Token: 2819d6788ff749b...

API URL: https://api.green-api.com/waInstance7105433554/getStateInstance/2819d6788ff749b889d2d35809626ab5ba745ef7123741a193

Sending request...

Γ£à SUCCESS!
Response: {
  "stateInstance": "notAuthorized"
}

ΓÜá∩╕Å Instance state: notAuthorized
You need to scan the QR code in Green API dashboard!
